
SYMBOLS BY NAME

    1c00            ___RAM_Address      
    4000            ___RAM_Size         
       0            ___begin_IDATA0     
       0            ___begin_THREAD     
    1c00            ___begin_UDATA0     
       0            ___end_IDATA0       
       0            ___end_THREAD       
    1c01            ___end_UDATA0       
    5c22 CODE       _main               
    5ca6 CODE       _memcpy             
    5cb6 CODE       _memset             
    1c00 UDATA0     _z                  
    5c22 CONST      thread_init_begin   
    5c22 CONST      thread_init_end     


SYMBOLS BY VALUE

       0            ___begin_IDATA0     
       0            ___begin_THREAD     
       0            ___end_IDATA0       
       0            ___end_THREAD       
    1c00            ___begin_UDATA0     
    1c00            ___RAM_Address      
    1c00 UDATA0     _z                  
    1c01            ___end_UDATA0       
    4000            ___RAM_Size         
    5c22 CODE       _main               
    5c22 CONST      thread_init_begin   
    5c22 CONST      thread_init_end     
    5ca6 CODE       _memcpy             
    5cb6 CODE       _memset             
