
SYMBOLS BY NAME

    1c72 IDATA0     _Draw_Block_Address_Macro
    1c6c IDATA0     _Draw_Block_Value_Macro
    659a CONST      _GrayScale_fonts    
    1c7e UDATA0     _LCD_MEM            
    1c78 IDATA0     _LcdAddress         
    1c00 IDATA0     _LcdInitMacro       
    1c7a IDATA0     _LcdTableAddress    
    1c00            ___RAM_Address      
    4000            ___RAM_Size         
    1c00            ___begin_IDATA0     
       0            ___begin_THREAD     
    1c7d            ___begin_UDATA0     
     4c0            ___crt_mpy          
     4c8            ___crt_op2          
     4ca            ___crt_reslo        
    1c7d            ___end_IDATA0       
       0            ___end_THREAD       
    2b1a            ___end_UDATA0       
    7208 CODE       ___int16_mul        
    1c7c IDATA0     _backlight          
    5d46 CONST      _fonts              
    5cbc CONST      _fonts_lookup       
    6f88 CODE       _halLcdActive       
    6ee6 CODE       _halLcdBackLightInit
    6ff2 CODE       _halLcdDrawBlock    
    7008 CODE       _halLcdDrawCurrentBlock
    6e56 CODE       _halLcdInit         
    7086 CODE       _halLcdPrint        
    6e14 CODE       _halLcdSendCommand  
    6fb0 CODE       _halLcdSetAddress   
    6f16 CODE       _halLcdSetBackLight 
    6f60 CODE       _halLcdSetContrast  
    6dee CODE       _main               
    721e CODE       _memcpy             
    722e CODE       _memset             
    5cbc CONST      thread_init_begin   
    5cbc CONST      thread_init_end     


SYMBOLS BY VALUE

       0            ___begin_THREAD     
       0            ___end_THREAD       
     4c0            ___crt_mpy          
     4c8            ___crt_op2          
     4ca            ___crt_reslo        
    1c00            ___begin_IDATA0     
    1c00 IDATA0     _LcdInitMacro       
    1c00            ___RAM_Address      
    1c6c IDATA0     _Draw_Block_Value_Macro
    1c72 IDATA0     _Draw_Block_Address_Macro
    1c78 IDATA0     _LcdAddress         
    1c7a IDATA0     _LcdTableAddress    
    1c7c IDATA0     _backlight          
    1c7d            ___begin_UDATA0     
    1c7d            ___end_IDATA0       
    1c7e UDATA0     _LCD_MEM            
    2b1a            ___end_UDATA0       
    4000            ___RAM_Size         
    5cbc CONST      thread_init_begin   
    5cbc CONST      _fonts_lookup       
    5cbc CONST      thread_init_end     
    5d46 CONST      _fonts              
    659a CONST      _GrayScale_fonts    
    6dee CODE       _main               
    6e14 CODE       _halLcdSendCommand  
    6e56 CODE       _halLcdInit         
    6ee6 CODE       _halLcdBackLightInit
    6f16 CODE       _halLcdSetBackLight 
    6f60 CODE       _halLcdSetContrast  
    6f88 CODE       _halLcdActive       
    6fb0 CODE       _halLcdSetAddress   
    6ff2 CODE       _halLcdDrawBlock    
    7008 CODE       _halLcdDrawCurrentBlock
    7086 CODE       _halLcdPrint        
    7208 CODE       ___int16_mul        
    721e CODE       _memcpy             
    722e CODE       _memset             
